Vocab (66 chars): "\n !\"$&'*+,-./0123456789:;?abcdefghijklmnopqrstuvwxyz¡«»áéñó–—‘’“”…"
16749 stories → 115061 windows. Config: d=128 heads=8 layers=4 d_ff=512 seq=128 batch=24 steps=20000 lr=0.0004
Parallel batch over 22 workers.
  step     1/20000  loss=4.6188
  step   200/20000  loss=2.2756
  step   400/20000  loss=2.1809
  step   600/20000  loss=1.9923
  step   800/20000  loss=1.7699
  step  1000/20000  loss=1.5396
  [ckpt @ 1000] "once upon a time, the was a so she sore and the was a sory. the she saw a she she sound and the she store the the sto the sto the the st"
  step  1200/20000  loss=1.5360
  step  1400/20000  loss=1.3745
  step  1600/20000  loss=1.3844
  step  1800/20000  loss=1.3030
  step  2000/20000  loss=1.2998
  [ckpt @ 2000] "once upon a time, there was a big name with the stone was and said, \"that is the big box the stop. the bird was so happy to the story an"
  step  2200/20000  loss=1.1754
  step  2400/20000  loss=1.2543
  step  2600/20000  loss=1.2111
  step  2800/20000  loss=1.1625
  step  3000/20000  loss=1.2315
  [ckpt @ 3000] "once upon a time, there was a little girl named lily. she was so happy to her friends and said, \"what is my said, \"yes, i want to to the"
  step  3200/20000  loss=1.2191
  step  3400/20000  loss=1.1481
  step  3600/20000  loss=1.1515
  step  3800/20000  loss=1.0765
  step  4000/20000  loss=1.1771
  [ckpt @ 4000] "once upon a time, there was a little girl named lily. she was so happy and said, \"i want to see the beach other and started to play with"
  step  4200/20000  loss=1.1232
  step  4400/20000  loss=1.1199
  step  4600/20000  loss=1.0314
  step  4800/20000  loss=1.0744
  step  5000/20000  loss=1.0945
  [ckpt @ 5000] "once upon a time, there was a little girl named lily. she was so happy and said \"i this bird and said, \"i want to take the bird and said"
  step  5200/20000  loss=1.1604
  step  5400/20000  loss=1.0830
  step  5600/20000  loss=1.0738
  step  5800/20000  loss=1.0390
  step  6000/20000  loss=0.9011
  [ckpt @ 6000] "once upon a time, there was a little girl named lily. she loved to play with his toys and saw the beautiful started to stay and saw the "
  step  6200/20000  loss=1.0549
  step  6400/20000  loss=1.0037
  step  6600/20000  loss=1.0016
  step  6800/20000  loss=1.0427
  step  7000/20000  loss=1.0387
  [ckpt @ 7000] "once upon a time, there was a little girl named lily. she loved to play with her toys and she wanted to see the best and said, \"thank yo"
  step  7200/20000  loss=0.9818
  step  7400/20000  loss=0.9882
  step  7600/20000  loss=1.0277
  step  7800/20000  loss=1.0425
  step  8000/20000  loss=1.0161
  [ckpt @ 8000] "once upon a time, there was a little girl named lily. she loved to play with his toys and saw the bear was so happy to her mom. one day,"
  step  8200/20000  loss=1.0629
  step  8400/20000  loss=0.9996
  step  8600/20000  loss=1.0388
  step  8800/20000  loss=1.0439
  step  9000/20000  loss=0.9668
  [ckpt @ 9000] "once upon a time there was a big box and the box and the bear was so happy. the boy was so happy and said, \"thank you, mom, mommy! you a"
  step  9200/20000  loss=1.0280
  step  9400/20000  loss=0.9529
  step  9600/20000  loss=0.9672
  step  9800/20000  loss=0.9540
  step 10000/20000  loss=0.9385
  [ckpt @ 10000] "once upon a time, there was a little girl named lily. she loved to play with her toys and she was so happy that her mom was so happy tha"
  step 10200/20000  loss=0.9844
  step 10400/20000  loss=1.0049
  step 10600/20000  loss=0.9783
  step 10800/20000  loss=0.9555
  step 11000/20000  loss=0.9530
  [ckpt @ 11000] "once upon a time, there was a little girl named lily. she loved to play with her friends and said, \"i will be friends and show you how t"
  step 11200/20000  loss=0.9405
  step 11400/20000  loss=0.9205
  step 11600/20000  loss=0.9551
  step 11800/20000  loss=0.9878
  step 12000/20000  loss=0.9872
  [ckpt @ 12000] "once upon a time, there was a little girl named lily. she loved to play with her mom and dad. one day, lily and her mom went to the park"
  step 12200/20000  loss=0.9425
  step 12400/20000  loss=0.9566
  step 12600/20000  loss=0.8986
  step 12800/20000  loss=1.0030
  step 13000/20000  loss=0.9402
  [ckpt @ 13000] "once upon a time, there was a little girl named lily. she loved to play with her toys and started to cry. one day, she saw a big box of "
  step 13200/20000  loss=0.9300
  step 13400/20000  loss=0.9933
  step 13600/20000  loss=0.9892
  step 13800/20000  loss=0.9852
  step 14000/20000  loss=0.9222
  [ckpt @ 14000] "once upon a time, there was a little girl named lily. she loved to play with her toys and she was so happy to have a lot of fun. she sai"
  step 14200/20000  loss=0.9494
  step 14400/20000  loss=0.9203
  step 14600/20000  loss=0.9096
  step 14800/20000  loss=0.9537
  step 15000/20000  loss=0.9677
  [ckpt @ 15000] "once upon a time, there was a little girl named lily. she loved to play with her toys and said, \"i want to see the big boat and said, \"i"
  step 15200/20000  loss=0.9617
  step 15400/20000  loss=1.0136
  step 15600/20000  loss=0.8505
  step 15800/20000  loss=0.9056
  step 16000/20000  loss=0.9423
  [ckpt @ 16000] "once upon a time, there was a little girl named lily. she loved to play with her dolls and she was so excited to see the birds and the b"
  step 16200/20000  loss=0.9354
  step 16400/20000  loss=0.9148
  step 16600/20000  loss=0.9185
  step 16800/20000  loss=0.9236
  step 17000/20000  loss=0.9441
  [ckpt @ 17000] "once upon a time, there was a little girl named lily. she loved to play with her toys and show the ball the stars the store and started "
  step 17200/20000  loss=0.9333
  step 17400/20000  loss=0.8785
  step 17600/20000  loss=0.8291
  step 17800/20000  loss=0.9845
  step 18000/20000  loss=0.9000
  [ckpt @ 18000] "once upon a time, there was a little girl named lily. she loved to play with her toys and she was so happy to have some food and she was"
  step 18200/20000  loss=0.9144
  step 18400/20000  loss=0.9598
  step 18600/20000  loss=0.9279
  step 18800/20000  loss=0.9127
  step 19000/20000  loss=0.9146
  [ckpt @ 19000] "once upon a time, there was a little girl named lily. she loved to play outside in the sun with her mom and dad. one day, lily was playi"
  step 19200/20000  loss=0.9082
  step 19400/20000  loss=0.8967
  step 19600/20000  loss=0.9943
  step 19800/20000  loss=0.8976
  step 20000/20000  loss=0.9639
  [ckpt @ 20000] "once upon a time, there was a little girl named lily. she loved to play with her toys and said, \"i want to play with her toys. i was so "

Greedy generations (char-level):
"once upon a time" → "once upon a time, there was a little girl named lily. she loved to play with her toys and said, \"i want to play with her toys. i was so happy to be careful with you.\""
"the little" → "the little girl was so happy that he was so happy to have a special to see the bird and the birds were so happy. the bird was so happy to have a special time to"
"one day" → "one day, the bird was so happy to have a big box of the store. the bird was so happy to have a special to see the bird and the birds were so happy. the bird "
Wrote tiny_english_gpt.json
